// Jest Snapshot v1, https://goo.gl/fbAQLP

exports[`isLoading 1`] = `
<div
  className="spinnerWrapper"
>
  <img
    alt=""
    src="spinner.gif"
  />
</div>
`;
